[html.fleexstudio.com/consult/single-index4.html]
[backblue.gif]
[fade.gif]
[index.html]
[html.fleexstudio.com/consult/assets/css/plugins/bootstrap.min.css]
[html.fleexstudio.com/consult/assets/css/plugins/swiper.bundle.css]
[html.fleexstudio.com/consult/assets/css/plugins/font-awesome-pro.css]
[html.fleexstudio.com/consult/assets/css/plugins/nice-select.css]
[html.fleexstudio.com/consult/assets/css/plugins/owl.carousel.min.css]
[html.fleexstudio.com/consult/assets/css/plugins/modal-video.min.css]
[unpkg.com/aos@2.3.1/dist/aos.css]
[html.fleexstudio.com/consult/assets/css/plugins/mobile.css]
[html.fleexstudio.com/consult/assets/css/plugins/aos.css]
[html.fleexstudio.com/consult/assets/css/typography.css]
[html.fleexstudio.com/consult/assets/css/master.css]
[html.fleexstudio.com/consult/assets/css/plugins/responsive.css]
[html.fleexstudio.com/consult/assets/images/logo/favicon4.png]
[html.fleexstudio.com/consult/assets/js/plugins/jquery-3-6-0.min.js]
[html.fleexstudio.com/consult/assets/images/logo/logos11.png]
[html.fleexstudio.com/consult/index1.html]
[html.fleexstudio.com/consult/assets/images/logo/logo11.png]
[html.fleexstudio.com/consult/assets/images/alldemo/demo4.png]
[html.fleexstudio.com/consult/single-index1.html]
[html.fleexstudio.com/consult/assets/images/alldemo/demo7.png]
[html.fleexstudio.com/consult/index7.html]
[html.fleexstudio.com/consult/single-index2.html]
[html.fleexstudio.com/consult/assets/images/alldemo/demo2.png]
[html.fleexstudio.com/consult/index3.html]
[html.fleexstudio.com/consult/single-index3.html]
[html.fleexstudio.com/consult/assets/images/alldemo/demo8.png]
[html.fleexstudio.com/consult/index8.html]
[html.fleexstudio.com/consult/assets/images/alldemo/demo1.png]
[html.fleexstudio.com/consult/index2.html]
[html.fleexstudio.com/consult/single-index5.html]
[html.fleexstudio.com/consult/assets/images/alldemo/demo5.png]
[html.fleexstudio.com/consult/index5.html]
[html.fleexstudio.com/consult/single-index6.html]
[html.fleexstudio.com/consult/assets/images/alldemo/demo3.png]
[html.fleexstudio.com/consult/index4.html]
[html.fleexstudio.com/consult/single-index7.html]
[html.fleexstudio.com/consult/assets/images/alldemo/demo6.png]
[html.fleexstudio.com/consult/index6.html]
[html.fleexstudio.com/consult/single-index8.html]
[html.fleexstudio.com/consult/assets/images/alldemo/demo9.png]
[html.fleexstudio.com/consult/index9.html]
[html.fleexstudio.com/consult/single-index9.html]
[html.fleexstudio.com/consult/assets/images/alldemo/demo10.png]
[html.fleexstudio.com/consult/index10.html]
[html.fleexstudio.com/consult/single-index10.html]
[html.fleexstudio.com/consult/assets/images/alldemo/demo11.png]
[html.fleexstudio.com/consult/index11.html]
[html.fleexstudio.com/consult/single-index11.html]
[html.fleexstudio.com/consult/assets/images/alldemo/demo12.png]
[html.fleexstudio.com/consult/index12.html]
[html.fleexstudio.com/consult/single-index12.html]
[html.fleexstudio.com/consult/contact1.html]
[html.fleexstudio.com/consult/index.html]
[html.fleexstudio.com/consult/about.html]
[html.fleexstudio.com/consult/servicev1.html]
[html.fleexstudio.com/consult/servicev2.html]
[html.fleexstudio.com/consult/serviceleft.html]
[html.fleexstudio.com/consult/serviceright.html]
[html.fleexstudio.com/consult/servicemiddle.html]
[html.fleexstudio.com/consult/testimonials.html]
[html.fleexstudio.com/consult/casestudy1.html]
[html.fleexstudio.com/consult/caseleft.html]
[html.fleexstudio.com/consult/caseright.html]
[html.fleexstudio.com/consult/casemiddle.html]
[html.fleexstudio.com/consult/blog2.html]
[html.fleexstudio.com/consult/blog3.html]
[html.fleexstudio.com/consult/blogleft.html]
[html.fleexstudio.com/consult/blogright.html]
[html.fleexstudio.com/consult/blogmiddle.html]
[html.fleexstudio.com/consult/team.html]
[html.fleexstudio.com/consult/team-details.html]
[html.fleexstudio.com/consult/contact2.html]
[html.fleexstudio.com/consult/assets/images/icons/phone5.svg]
[html.fleexstudio.com/consult/assets/images/icons/email4.svg]
[html.fleexstudio.com/consult/assets/images/icons/location2.png]
[html.fleexstudio.com/consult/assets/images/elementor/elementor50.png]
[html.fleexstudio.com/consult/assets/images/elementor/elementor49.png]
[html.fleexstudio.com/consult/assets/images/sectionimg/about3-img.png]
[html.fleexstudio.com/consult/assets/images/sectionimg/about4-img.png]
[html.fleexstudio.com/consult/assets/images/sectionimg/about5-img.png]
[html.fleexstudio.com/consult/assets/images/elementor/elementor51.png]
[html.fleexstudio.com/consult/assets/images/icons/taxconsulting1.png]
[html.fleexstudio.com/consult/assets/images/icons/tax-consulting2.png]
[html.fleexstudio.com/consult/assets/images/icons/tax-consulting3.png]
[html.fleexstudio.com/consult/assets/images/icons/tax-consulting4.png]
[html.fleexstudio.com/consult/assets/images/icons/tax-consulting5.png]
[html.fleexstudio.com/consult/assets/images/icons/tax-consulting6.png]
[html.fleexstudio.com/consult/assets/images/elementor/elementor52.png]
[html.fleexstudio.com/consult/assets/images/elementor/elementor53.png]
[html.fleexstudio.com/consult/assets/images/icons/quito4.svg]
[html.fleexstudio.com/consult/assets/images/sectionimg/testimonial7-1img.png]
[html.fleexstudio.com/consult/assets/images/sectionimg/testimonial2.png]
[html.fleexstudio.com/consult/assets/images/sectionimg/testimonial7-2img.png]
[html.fleexstudio.com/consult/assets/images/sectionimg/blog4.png]
[html.fleexstudio.com/consult/assets/images/icons/vector1.png]
[html.fleexstudio.com/consult/assets/images/sectionimg/blog5.png]
[html.fleexstudio.com/consult/assets/images/sectionimg/blog6.png]
[html.fleexstudio.com/consult/assets/images/elementor/elemenotor54.png]
[html.fleexstudio.com/consult/assets/images/sectionimg/contact8img.png]
[html.fleexstudio.com/consult/assets/images/elementor/elementor17.png]
[html.fleexstudio.com/consult/assets/images/icons/clock2.svg]
[html.fleexstudio.com/consult/assets/images/icons/phone10.svg]
[html.fleexstudio.com/consult/assets/images/icons/email8.svg]
[html.fleexstudio.com/consult/assets/images/logo/logo13.png]
[html.fleexstudio.com/consult/assets/images/icons/email5.png]
[html.fleexstudio.com/consult/assets/images/icons/location4.svg]
[html.fleexstudio.com/consult/assets/images/icons/phone7.svg]
[html.fleexstudio.com/consult/assets/images/elementor/elementor54.png]
[html.fleexstudio.com/consult/assets/images/elementor/elementor55.png]
[html.fleexstudio.com/consult/assets/js/plugins/bootstrap.min.js]
[html.fleexstudio.com/consult/assets/js/plugins/swiper.bundle.js]
[html.fleexstudio.com/consult/assets/js/plugins/owl.carousel.min.js]
[html.fleexstudio.com/consult/assets/js/plugins/jquery-modal-video.min.js]
[html.fleexstudio.com/consult/assets/js/plugins/fontawesome.js]
[html.fleexstudio.com/consult/assets/js/plugins/counter.js]
[unpkg.com/aos@2.3.1/dist/aos.js]
[html.fleexstudio.com/consult/assets/js/plugins/jquery.nice-select.js]
[html.fleexstudio.com/consult/assets/js/plugins/jquery.lineProgressbar.js]
[html.fleexstudio.com/consult/assets/js/plugins/isotope.pkgd.min.js]
[html.fleexstudio.com/consult/assets/js/plugins/propper.min.js]
[unpkg.com/imagesloaded@5.0.0/imagesloaded.pkgd.min.js]
[html.fleexstudio.com/consult/assets/js/plugins/tippy.js]
[cdn.jsdelivr.net/npm/@popperjs/core@2.11.6/dist/umd/popper.min.js]
[html.fleexstudio.com/consult/assets/js/plugins/mobilemenu.js]
[html.fleexstudio.com/consult/assets/js/main.js]
[html.fleexstudio.com/consult/single-index4.html]
[html.fleexstudio.com/consult/assets/css/plugins/bootstrap.min.css]
[html.fleexstudio.com/consult/assets/css/plugins/swiper.bundle.css]
[html.fleexstudio.com/consult/assets/css/plugins/font-awesome-pro.css]
[html.fleexstudio.com/consult/assets/css/plugins/nice-select.css]
[html.fleexstudio.com/consult/assets/css/plugins/owl.carousel.min.css]
[html.fleexstudio.com/consult/assets/css/plugins/modal-video.min.css]
[unpkg.com/aos@2.3.1/dist/aos.css]
[html.fleexstudio.com/consult/assets/css/plugins/mobile.css]
[html.fleexstudio.com/consult/assets/css/plugins/aos.css]
[html.fleexstudio.com/consult/assets/css/typography.css]
[html.fleexstudio.com/consult/assets/images/background/homepage1-bacground.png]
[html.fleexstudio.com/consult/assets/images/background/homepage2-background.png]
[html.fleexstudio.com/consult/assets/images/background/homepage5bg.png]
[html.fleexstudio.com/consult/assets/images/background/homepagesixbg.png]
[html.fleexstudio.com/consult/assets/images/sectionimg/welcome7bg.png]
[html.fleexstudio.com/consult/assets/images/sectionimg/header8bg.png]
[html.fleexstudio.com/consult/assets/images/background/Header8bg.png]
[html.fleexstudio.com/consult/assets/images/sectionimg/header10bg.png]
[html.fleexstudio.com/consult/assets/images/background/haeder12.png]
[html.fleexstudio.com/consult/assets/images/background/previewbg.png]
[html.fleexstudio.com/consult/assets/images/sectionimg/couterbg2.png]
[html.fleexstudio.com/consult/assets/images/background/ourservice-bacground.png]
[html.fleexstudio.com/consult/assets/images/background/service-benefits-bacground.png]
[html.fleexstudio.com/consult/assets/images/background/service2-bacground.png]
[html.fleexstudio.com/consult/assets/images/sectionimg/servicebg.png]
[html.fleexstudio.com/consult/assets/images/background/practice4-background.png]
[html.fleexstudio.com/consult/assets/images/sectionimg/counterbg8.png]
[html.fleexstudio.com/consult/assets/images/background/casestudy-bacground.png]
[html.fleexstudio.com/consult/assets/images/background/testimonial4.png]
[html.fleexstudio.com/consult/assets/images/sectionimg/cta-backgruoud.png]
[html.fleexstudio.com/consult/assets/images/background/cta5bg.png]
[html.fleexstudio.com/consult/assets/images/sectionimg/ctabg3.png]
[html.fleexstudio.com/consult/assets/images/sectionimg/cta8bg.png]
[html.fleexstudio.com/consult/assets/images/background/footerbg.png]
[html.fleexstudio.com/consult/assets/images/background/previewfooterbg.png]
[html.fleexstudio.com/consult/assets/css/master.css]
[html.fleexstudio.com/consult/assets/css/plugins/responsive.css]
[html.fleexstudio.com/consult/assets/images/logo/favicon3.png]
[html.fleexstudio.com/consult/assets/images/logo/logo7.png]
[html.fleexstudio.com/consult/assets/images/background/welcome4-background.png]
[html.fleexstudio.com/consult/assets/images/background/position-bg.png]
[html.fleexstudio.com/consult/assets/images/elementor/elementor73.png]
[html.fleexstudio.com/consult/assets/images/sectionimg/welcome4img.png]
[html.fleexstudio.com/consult/assets/images/icons/special1.png]
[html.fleexstudio.com/consult/assets/images/icons/special2.png]
[html.fleexstudio.com/consult/assets/images/icons/special3.png]
[html.fleexstudio.com/consult/assets/images/elementor/elementor21.png]
[html.fleexstudio.com/consult/assets/images/elementor/elementor22.png]
[html.fleexstudio.com/consult/assets/images/sectionimg/about3-img1.png]
[html.fleexstudio.com/consult/assets/images/elementor/elementor23.png]
[html.fleexstudio.com/consult/assets/images/icons/defense1.png]
[html.fleexstudio.com/consult/assets/images/icons/injury1.png]
[html.fleexstudio.com/consult/assets/images/icons/law1.png]
[html.fleexstudio.com/consult/assets/images/icons/law2.png]
[html.fleexstudio.com/consult/assets/images/icons/litigation1.png]
[html.fleexstudio.com/consult/assets/images/icons/law3.png]
[html.fleexstudio.com/consult/assets/images/icons/personal1.png]
[html.fleexstudio.com/consult/assets/images/icons/rules1.png]
[html.fleexstudio.com/consult/assets/images/sectionimg/client2.png]
[html.fleexstudio.com/consult/assets/images/sectionimg/ctaman.png]
[html.fleexstudio.com/consult/assets/images/sectionimg/team1.png]
[html.fleexstudio.com/consult/assets/images/sectionimg/team2.png]
[html.fleexstudio.com/consult/assets/images/sectionimg/team3.png]
[html.fleexstudio.com/consult/assets/images/sectionimg/testimonial4.png]
[html.fleexstudio.com/consult/assets/images/sectionimg/circleimg.png]
[html.fleexstudio.com/consult/assets/images/sectionimg/blog7.png]
[html.fleexstudio.com/consult/assets/images/icons/email6.png]
[html.fleexstudio.com/consult/assets/images/sectionimg/blog8.png]
[html.fleexstudio.com/consult/assets/images/icons/phone8.png]
[html.fleexstudio.com/consult/assets/images/icons/email7.png]
[html.fleexstudio.com/consult/assets/images/elementor/elementor72.png]
[html.fleexstudio.com/consult/index1.html]
[html.fleexstudio.com/consult/single-index1.html]
[html.fleexstudio.com/consult/assets/images/logo/favicon2.png]
[html.fleexstudio.com/consult/assets/images/logo/logo10.png]
[html.fleexstudio.com/consult/assets/images/icons/briefcase2.png]
[html.fleexstudio.com/consult/assets/images/icons/brief3.png]
[html.fleexstudio.com/consult/assets/images/icons/vector2.png]
[html.fleexstudio.com/consult/assets/images/icons/brief4.png]
[html.fleexstudio.com/consult/assets/images/elementor/elementor43.png]
[html.fleexstudio.com/consult/assets/images/sectionimg/about7-img1.png]
[html.fleexstudio.com/consult/assets/images/elementor/elementor44.png]
[html.fleexstudio.com/consult/assets/images/elementor/elementor45.png]
[html.fleexstudio.com/consult/assets/images/sectionimg/service8.png]
[html.fleexstudio.com/consult/assets/images/sectionimg/service7.png]
[html.fleexstudio.com/consult/assets/images/sectionimg/service9.png]
[html.fleexstudio.com/consult/assets/images/sectionimg/service10.png]
[html.fleexstudio.com/consult/assets/images/sectionimg/service11.png]
[html.fleexstudio.com/consult/assets/images/sectionimg/service12.png]
[html.fleexstudio.com/consult/assets/images/elementor/elementor46.png]
[html.fleexstudio.com/consult/assets/images/sectionimg/team13.png]
[html.fleexstudio.com/consult/assets/images/sectionimg/team14.png]
[html.fleexstudio.com/consult/assets/images/sectionimg/team15.png]
[html.fleexstudio.com/consult/assets/images/icons/quito3.png]
[html.fleexstudio.com/consult/assets/images/elementor/elementor47.png]
[html.fleexstudio.com/consult/assets/images/icons/clock1.svg]
[html.fleexstudio.com/consult/assets/images/icons/phone11.png]
[html.fleexstudio.com/consult/assets/images/icons/email3.svg]
[html.fleexstudio.com/consult/assets/images/elementor/elementor74.png]
[html.fleexstudio.com/consult/index7.html]
[html.fleexstudio.com/consult/single-index2.html]
[html.fleexstudio.com/consult/assets/images/logo/logo1.png]
[html.fleexstudio.com/consult/assets/images/icons/phoneicon.svg]
[html.fleexstudio.com/consult/assets/images/elementor/elementor1.png]
[html.fleexstudio.com/consult/assets/images/icons/arrowright.svg]
[html.fleexstudio.com/consult/assets/images/sectionimg/welcome-img1.png]
[html.fleexstudio.com/consult/assets/images/elementor/elementor3.png]
[html.fleexstudio.com/consult/assets/images/elementor/elementor2.png]
[html.fleexstudio.com/consult/assets/images/sectionimg/about1-img.png]
[html.fleexstudio.com/consult/assets/images/elementor/elementor4.png]
[html.fleexstudio.com/consult/assets/images/sectionimg/about2-img.png]
[html.fleexstudio.com/consult/assets/images/elementor/elementor5.png]
[html.fleexstudio.com/consult/assets/images/icons/tax-icon.png]
[html.fleexstudio.com/consult/assets/images/icons/vat-icon.svg]
[html.fleexstudio.com/consult/assets/images/icons/corporate-tax.svg]
[html.fleexstudio.com/consult/assets/images/icons/interantional-tax.svg]
[html.fleexstudio.com/consult/assets/images/icons/sales-icon.svg]
[html.fleexstudio.com/consult/assets/images/icons/support-tax.svg]
[html.fleexstudio.com/consult/assets/images/background/counetrbg.png]
[html.fleexstudio.com/consult/assets/images/icons/check.svg]
[html.fleexstudio.com/consult/assets/images/icons/check-circle.svg]
[html.fleexstudio.com/consult/assets/images/icons/quito-icon.svg]
[html.fleexstudio.com/consult/assets/images/sectionimg/blog1.png]
[html.fleexstudio.com/consult/assets/images/sectionimg/blog2.png]
[html.fleexstudio.com/consult/assets/images/sectionimg/blog3.png]
[html.fleexstudio.com/consult/assets/images/icons/location1.svg]
[html.fleexstudio.com/consult/assets/images/icons/phone1.svg]
[html.fleexstudio.com/consult/assets/images/icons/email1.svg]
[html.fleexstudio.com/consult/assets/images/logo/logo2.png]
[html.fleexstudio.com/consult/assets/images/icons/phone2.png]
[html.fleexstudio.com/consult/assets/images/icons/email2.svg]
[html.fleexstudio.com/consult/index3.html]
[html.fleexstudio.com/consult/single-index3.html]
[html.fleexstudio.com/consult/index8.html]
[html.fleexstudio.com/consult/assets/images/logo/favicon5.png]
[html.fleexstudio.com/consult/assets/images/logo/logo3.png]
[html.fleexstudio.com/consult/assets/images/icons/phone2.svg]
[html.fleexstudio.com/consult/assets/images/sectionimg/welcome-img-2.png]
[html.fleexstudio.com/consult/assets/images/sectionimg/ecommers-img.png]
[html.fleexstudio.com/consult/assets/images/elementor/elementor7.png]
[html.fleexstudio.com/consult/assets/images/elementor/elementor8.png]
[html.fleexstudio.com/consult/assets/images/elementor/elementor6.png]
[html.fleexstudio.com/consult/assets/images/elementor/elementor9.png]
[html.fleexstudio.com/consult/assets/images/icons/icon2.svg]
[html.fleexstudio.com/consult/assets/images/icons/icon1.svg]
[html.fleexstudio.com/consult/assets/images/icons/icon3.svg]
[html.fleexstudio.com/consult/assets/images/icons/icon4.png]
[html.fleexstudio.com/consult/assets/images/icons/icon5.png]
[html.fleexstudio.com/consult/assets/images/icons/icon6.png]
[html.fleexstudio.com/consult/assets/images/sectionimg/company-img1.png]
[html.fleexstudio.com/consult/assets/images/elementor/elementor10.png]
[html.fleexstudio.com/consult/assets/images/icons/client1.svg]
[html.fleexstudio.com/consult/assets/images/icons/client2.svg]
[html.fleexstudio.com/consult/assets/images/icons/client3.svg]
[html.fleexstudio.com/consult/assets/images/sectionimg/case-img1.png]
[html.fleexstudio.com/consult/assets/images/sectionimg/case-img2.png]
[html.fleexstudio.com/consult/assets/images/sectionimg/case-img3.png]
[html.fleexstudio.com/consult/assets/images/elementor/elementor11.png]
[html.fleexstudio.com/consult/assets/images/icons/quito1.svg]
[html.fleexstudio.com/consult/assets/images/sectionimg/testomonial1.png]
[html.fleexstudio.com/consult/assets/images/sectionimg/testimonial3.png]
[html.fleexstudio.com/consult/assets/images/sectionimg/blog2-img.png]
[html.fleexstudio.com/consult/assets/images/icons/daterange1.png]
[html.fleexstudio.com/consult/assets/images/icons/daterane.png]
[html.fleexstudio.com/consult/assets/images/icons/phone4.svg]
[html.fleexstudio.com/consult/assets/images/elementor/elementor12.png]
[html.fleexstudio.com/consult/assets/images/elementor/elementor13.png]
[html.fleexstudio.com/consult/assets/images/logo/logo4.png]
[html.fleexstudio.com/consult/assets/images/icons/location3.svg]
[html.fleexstudio.com/consult/assets/images/elementor/elementor14.png]
[html.fleexstudio.com/consult/index2.html]
[html.fleexstudio.com/consult/single-index5.html]
[html.fleexstudio.com/consult/assets/images/logo/favicon6.png]
[html.fleexstudio.com/consult/assets/images/logo/logo8.png]
[html.fleexstudio.com/consult/assets/images/elementor/ball1.png]
[html.fleexstudio.com/consult/assets/images/elementor/ball2.png]
[html.fleexstudio.com/consult/assets/images/elementor/ball3.png]
[html.fleexstudio.com/consult/assets/images/elementor/ball4.png]
[html.fleexstudio.com/consult/assets/images/elementor/ball5.png]
[html.fleexstudio.com/consult/assets/images/sectionimg/welcome5-img.png]
[html.fleexstudio.com/consult/assets/images/elementor/elementor25.png]
[html.fleexstudio.com/consult/assets/images/sectionimg/grouth1.png]
[html.fleexstudio.com/consult/assets/images/elementor/elementor24.png]
[html.fleexstudio.com/consult/assets/images/sectionimg/about5images.png]
[html.fleexstudio.com/consult/assets/images/icons/check1.png]
[html.fleexstudio.com/consult/assets/images/elementor/elementor26.png]
[html.fleexstudio.com/consult/assets/images/sectionimg/service5img1.png]
[html.fleexstudio.com/consult/assets/images/sectionimg/service5img2.png]
[html.fleexstudio.com/consult/assets/images/sectionimg/service5img3.png]
[html.fleexstudio.com/consult/assets/images/elementor/elementor28.png]
[html.fleexstudio.com/consult/assets/images/icons/document4.png]
[html.fleexstudio.com/consult/assets/images/icons/calculator1.png]
[html.fleexstudio.com/consult/assets/images/icons/financial1.png]
[html.fleexstudio.com/consult/assets/images/elementor/elementor29.png]
[html.fleexstudio.com/consult/assets/images/sectionimg/casestudy1img.png]
[html.fleexstudio.com/consult/assets/images/sectionimg/casestudyimg2.png]
[html.fleexstudio.com/consult/assets/images/elementor/elementor30.png]
[html.fleexstudio.com/consult/assets/images/elementor/elementor31.png]
[html.fleexstudio.com/consult/assets/images/icons/quito2.png]
[html.fleexstudio.com/consult/assets/images/elementor/elementor32.png]
[html.fleexstudio.com/consult/assets/images/elementor/elementor33.png]
[html.fleexstudio.com/consult/assets/images/elementor/elementor34.png]
[html.fleexstudio.com/consult/assets/images/sectionimg/contact1.png]
[html.fleexstudio.com/consult/assets/images/elementor/elementor35.png]
[html.fleexstudio.com/consult/index5.html]
[html.fleexstudio.com/consult/single-index6.html]
[html.fleexstudio.com/consult/assets/images/logo/favicon7.png]
[html.fleexstudio.com/consult/assets/images/logo/logo5.png]
[html.fleexstudio.com/consult/assets/images/icons/phone6.svg]
[html.fleexstudio.com/consult/assets/images/elementor/elementor15.png]
[html.fleexstudio.com/consult/assets/images/sectionimg/welcome3.png]
[html.fleexstudio.com/consult/assets/images/sectionimg/card1.png]
[html.fleexstudio.com/consult/assets/images/elementor/elementor16.png]
[html.fleexstudio.com/consult/assets/images/sectionimg/about6.png]
[html.fleexstudio.com/consult/assets/images/icons/teamconnection1.svg]
[html.fleexstudio.com/consult/assets/images/icons/briefcase1.png]
[html.fleexstudio.com/consult/assets/images/icons/seller1.svg]
[html.fleexstudio.com/consult/assets/images/icons/teamconnection2.svg]
[html.fleexstudio.com/consult/assets/images/elementor/elementor18.png]
[html.fleexstudio.com/consult/assets/images/icons/document1.png]
[html.fleexstudio.com/consult/assets/images/icons/document2.png]
[html.fleexstudio.com/consult/assets/images/icons/document3.png]
[html.fleexstudio.com/consult/assets/images/elementor/elementor19.png]
[html.fleexstudio.com/consult/assets/images/icons/qutio1.png]
[html.fleexstudio.com/consult/assets/images/sectionimg/case-img4.png]
[html.fleexstudio.com/consult/assets/images/logo/logo6.png]
[html.fleexstudio.com/consult/assets/images/elementor/elementor20.png]
[html.fleexstudio.com/consult/index4.html]
[html.fleexstudio.com/consult/single-index7.html]
[html.fleexstudio.com/consult/assets/images/logo/favicon8.png]
[html.fleexstudio.com/consult/assets/images/logo/logo9.png]
[html.fleexstudio.com/consult/assets/images/icons/phoneheader1.png]
[html.fleexstudio.com/consult/assets/images/elementor/elementor36.png]
[html.fleexstudio.com/consult/assets/images/icons/phoneiicon1.png]
[html.fleexstudio.com/consult/assets/images/sectionimg/welcome6img1.png]
[html.fleexstudio.com/consult/assets/images/sectionimg/expertimg1.png]
[html.fleexstudio.com/consult/assets/images/sectionimg/imagesbg.png]
[html.fleexstudio.com/consult/assets/images/elementor/elementor37.png]
[html.fleexstudio.com/consult/assets/images/elementor/elementor38.png]
[html.fleexstudio.com/consult/assets/images/sectionimg/abouthome6img.png]
[html.fleexstudio.com/consult/assets/images/sectionimg/abouthomeimg1.png]
[html.fleexstudio.com/consult/assets/images/icons/document5.svg]
[html.fleexstudio.com/consult/assets/images/icons/calculation2.svg]
[html.fleexstudio.com/consult/assets/images/icons/financial2.svg]
[html.fleexstudio.com/consult/assets/images/icons/calculation3.png]
[html.fleexstudio.com/consult/assets/images/icons/analycis1.png]
[html.fleexstudio.com/consult/assets/images/icons/managment1.png]
[html.fleexstudio.com/consult/assets/images/icons/estata1.png]
[html.fleexstudio.com/consult/assets/images/icons/managment2.png]
[html.fleexstudio.com/consult/assets/images/sectionimg/companyimg2.png]
[html.fleexstudio.com/consult/assets/images/icons/quito12.png]
[html.fleexstudio.com/consult/assets/images/elementor/elemenor39.png]
[html.fleexstudio.com/consult/assets/images/sectionimg/blog6img1.png]
[html.fleexstudio.com/consult/assets/images/elementor/elementor40.png]
[html.fleexstudio.com/consult/assets/images/sectionimg/contact2img.png]
[html.fleexstudio.com/consult/assets/images/elementor/elementor41.png]
[html.fleexstudio.com/consult/assets/images/elementor/elementor42.png]
[html.fleexstudio.com/consult/index6.html]
[html.fleexstudio.com/consult/single-index8.html]
[html.fleexstudio.com/consult/assets/images/logo/favicon9.png]
[html.fleexstudio.com/consult/assets/images/logo/logo14.png]
[html.fleexstudio.com/consult/assets/images/elementor/elementor58.png]
[html.fleexstudio.com/consult/assets/images/sectionimg/welcome9author.png]
[html.fleexstudio.com/consult/assets/images/sectionimg/welcome8.png]
[html.fleexstudio.com/consult/assets/images/icons/groupexport.png]
[html.fleexstudio.com/consult/assets/images/elementor/elementor56.png]
[html.fleexstudio.com/consult/assets/images/elementor/elementor57.png]
[html.fleexstudio.com/consult/assets/images/sectionimg/welcome9about.png]
[html.fleexstudio.com/consult/assets/images/elementor/Transparency1.png]
[html.fleexstudio.com/consult/assets/images/elementor/elementor59.png]
[html.fleexstudio.com/consult/assets/images/sectionimg/service9img1.png]
[html.fleexstudio.com/consult/assets/images/icons/service9icon4.png]
[html.fleexstudio.com/consult/assets/images/sectionimg/service9img2.png]
[html.fleexstudio.com/consult/assets/images/icons/service9icon5.png]
[html.fleexstudio.com/consult/assets/images/sectionimg/service9img3.png]
[html.fleexstudio.com/consult/assets/images/icons/service9icon6.png]
[html.fleexstudio.com/consult/assets/images/elementor/elementor60.png]
[html.fleexstudio.com/consult/assets/images/icons/exporticon1.svg]
[html.fleexstudio.com/consult/assets/images/icons/exporticon2.png]
[html.fleexstudio.com/consult/assets/images/icons/exporticon3.svg]
[html.fleexstudio.com/consult/assets/images/icons/quito5.svg]
[html.fleexstudio.com/consult/assets/images/sectionimg/blog9img1.png]
[html.fleexstudio.com/consult/assets/images/sectionimg/blog9img2.png]
[html.fleexstudio.com/consult/assets/images/sectionimg/contact9img1.png]
[html.fleexstudio.com/consult/assets/images/icons/phone12.png]
[html.fleexstudio.com/consult/assets/images/icons/location.png]
[html.fleexstudio.com/consult/assets/images/icons/clock.png]
[html.fleexstudio.com/consult/index9.html]
[html.fleexstudio.com/consult/single-index9.html]
[html.fleexstudio.com/consult/assets/images/logo/favicon10.png]
[html.fleexstudio.com/consult/assets/images/logo/logo15.png]
[html.fleexstudio.com/consult/assets/images/icons/arrowben.svg]
[html.fleexstudio.com/consult/assets/images/background/homepagewelbg.png]
[html.fleexstudio.com/consult/assets/images/icons/export4.svg]
[html.fleexstudio.com/consult/assets/images/icons/export5.svg]
[html.fleexstudio.com/consult/assets/images/elementor/elementor61.png]
[html.fleexstudio.com/consult/assets/images/icons/export6.svg]
[html.fleexstudio.com/consult/assets/images/icons/export7.svg]
[html.fleexstudio.com/consult/assets/images/icons/export8.svg]
[html.fleexstudio.com/consult/assets/images/sectionimg/aboutauthor1.png]
[html.fleexstudio.com/consult/assets/images/icons/callicon.svg]
[html.fleexstudio.com/consult/assets/images/elementor/elementor62.png]
[html.fleexstudio.com/consult/assets/images/elementor/elementor64.png]
[html.fleexstudio.com/consult/assets/images/icons/group7.svg]
[html.fleexstudio.com/consult/assets/images/icons/arrowben2.svg]
[html.fleexstudio.com/consult/assets/images/icons/group8.svg]
[html.fleexstudio.com/consult/assets/images/icons/group9.svg]
[html.fleexstudio.com/consult/assets/images/icons/group10.svg]
[html.fleexstudio.com/consult/assets/images/icons/group11.svg]
[html.fleexstudio.com/consult/assets/images/icons/group12.svg]
[html.fleexstudio.com/consult/assets/images/elementor/elementor63.png]
[html.fleexstudio.com/consult/assets/images/elementor/elementor67.png]
[html.fleexstudio.com/consult/assets/images/elementor/elementor65.png]
[html.fleexstudio.com/consult/assets/images/elementor/elementor66.png]
[html.fleexstudio.com/consult/assets/images/icons/arrowgreen.svg]
[html.fleexstudio.com/consult/assets/images/elementor/elementor68.png]
[html.fleexstudio.com/consult/assets/images/icons/quito6.svg]
[html.fleexstudio.com/consult/assets/images/background/plygon1.png]
[html.fleexstudio.com/consult/assets/images/sectionimg/testimonnialauthor1.png]
[html.fleexstudio.com/consult/assets/images/sectionimg/testimonialauthor2.png]
[html.fleexstudio.com/consult/assets/images/sectionimg/testimonialauhto3.png]
[html.fleexstudio.com/consult/assets/images/sectionimg/authorblog1.png]
[html.fleexstudio.com/consult/assets/images/sectionimg/authorblog2.png]
[html.fleexstudio.com/consult/assets/images/sectionimg/authorblog3.png]
[html.fleexstudio.com/consult/assets/images/sectionimg/authorblog4.png]
[html.fleexstudio.com/consult/assets/images/sectionimg/contact10img.png]
[html.fleexstudio.com/consult/assets/images/logo/logo16.png]
[html.fleexstudio.com/consult/assets/images/elementor/elementor69.png]
[html.fleexstudio.com/consult/index10.html]
[html.fleexstudio.com/consult/single-index10.html]
[html.fleexstudio.com/consult/assets/images/logo/favicon11.png]
[html.fleexstudio.com/consult/assets/images/logo/logo17.png]
[html.fleexstudio.com/consult/assets/images/icons/phone14.svg]
[html.fleexstudio.com/consult/assets/images/icons/aroplanicons1.svg]
[html.fleexstudio.com/consult/assets/images/sectionimg/welcome11img1.png]
[html.fleexstudio.com/consult/assets/images/elementor/elementor75.png]
[html.fleexstudio.com/consult/assets/images/elementor/elementor76.png]
[html.fleexstudio.com/consult/assets/images/sectionimg/about11-img1.png]
[html.fleexstudio.com/consult/assets/images/sectionimg/about11-img2.png]
[html.fleexstudio.com/consult/assets/images/sectionimg/about11-img3.png]
[html.fleexstudio.com/consult/assets/images/icons/aroplanicons2.svg]
[html.fleexstudio.com/consult/assets/images/sectionimg/service11-img1.png]
[html.fleexstudio.com/consult/assets/images/icons/service-vector2.svg]
[html.fleexstudio.com/consult/assets/images/sectionimg/service11-img2.png]
[html.fleexstudio.com/consult/assets/images/icons/service-vector1.svg]
[html.fleexstudio.com/consult/assets/images/sectionimg/service11-img3.png]
[html.fleexstudio.com/consult/assets/images/icons/service-vector3.svg]
[html.fleexstudio.com/consult/assets/images/elementor/elementor77.png]
[html.fleexstudio.com/consult/assets/images/sectionimg/countriesimg1.png]
[html.fleexstudio.com/consult/assets/images/sectionimg/flag1.png]
[html.fleexstudio.com/consult/assets/images/sectionimg/countriesimg2.png]
[html.fleexstudio.com/consult/assets/images/sectionimg/flag2.png]
[html.fleexstudio.com/consult/assets/images/sectionimg/countriesimg3.png]
[html.fleexstudio.com/consult/assets/images/sectionimg/flag3.png]
[html.fleexstudio.com/consult/assets/images/sectionimg/countriesimg4.png]
[html.fleexstudio.com/consult/assets/images/sectionimg/flag4.png]
[html.fleexstudio.com/consult/assets/images/sectionimg/countriesimg5.png]
[html.fleexstudio.com/consult/assets/images/sectionimg/flag5.png]
[html.fleexstudio.com/consult/assets/images/sectionimg/countriesimg6.png]
[html.fleexstudio.com/consult/assets/images/sectionimg/flag6.png]
[html.fleexstudio.com/consult/assets/images/sectionimg/countriesimg7.png]
[html.fleexstudio.com/consult/assets/images/sectionimg/flag7.png]
[html.fleexstudio.com/consult/assets/images/sectionimg/countriesimg8.png]
[html.fleexstudio.com/consult/assets/images/sectionimg/flag8.png]
[html.fleexstudio.com/consult/assets/images/icons/workicon1.svg]
[html.fleexstudio.com/consult/assets/images/elementor/polygon1.png]
[html.fleexstudio.com/consult/assets/images/elementor/elementor78.png]
[html.fleexstudio.com/consult/assets/images/sectionimg/team11img1.png]
[html.fleexstudio.com/consult/assets/images/sectionimg/team11img2.png]
[html.fleexstudio.com/consult/assets/images/sectionimg/team11img3.png]
[html.fleexstudio.com/consult/assets/images/icons/quito7.svg]
[html.fleexstudio.com/consult/assets/images/sectionimg/testiinner4.png]
[html.fleexstudio.com/consult/assets/images/sectionimg/testiinner6.png]
[html.fleexstudio.com/consult/assets/images/sectionimg/posiimg1.png]
[html.fleexstudio.com/consult/assets/images/sectionimg/posiimg2.png]
[html.fleexstudio.com/consult/assets/images/sectionimg/postimg3.png]
[html.fleexstudio.com/consult/assets/images/sectionimg/postimg4.png]
[html.fleexstudio.com/consult/assets/images/elementor/elementor79.png]
[html.fleexstudio.com/consult/index11.html]
[html.fleexstudio.com/consult/single-index11.html]
[html.fleexstudio.com/consult/assets/images/logo/logo21.png]
[html.fleexstudio.com/consult/assets/images/logo/logo19.png]
[html.fleexstudio.com/consult/assets/images/logo/logo20.png]
[html.fleexstudio.com/consult/assets/images/elementor/ball6.png]
[html.fleexstudio.com/consult/assets/images/elementor/ball7.png]
[html.fleexstudio.com/consult/assets/images/elementor/ball8.png]
[html.fleexstudio.com/consult/assets/images/elementor/ball9.png]
[html.fleexstudio.com/consult/assets/images/icons/aroplanicons3.svg]
[html.fleexstudio.com/consult/assets/images/sectionimg/welcome12img.png]
[html.fleexstudio.com/consult/assets/images/elementor/elementor80.png]
[html.fleexstudio.com/consult/assets/images/icons/servicevector3.svg]
[html.fleexstudio.com/consult/assets/images/icons/servicevector4.svg]
[html.fleexstudio.com/consult/assets/images/icons/servicevector5.svg]
[html.fleexstudio.com/consult/assets/images/icons/aroplan4.svg]
[html.fleexstudio.com/consult/assets/images/elementor/polygon2.png]
[html.fleexstudio.com/consult/assets/images/icons/quito8.svg]
[html.fleexstudio.com/consult/assets/images/elementor/elementor81.png]
[html.fleexstudio.com/consult/index12.html]
[html.fleexstudio.com/consult/single-index12.html]
[html.fleexstudio.com/consult/contact1.html]
[html.fleexstudio.com/consult/assets/images/logo/logopreview.png]
[html.fleexstudio.com/consult/assets/images/icons/preview-check.svg]
[html.fleexstudio.com/consult/assets/images/alldemo/previewimges2.png]
[html.fleexstudio.com/consult/assets/images/icons/sevicepreview1.svg]
[html.fleexstudio.com/consult/assets/images/icons/servicepreview2.svg]
[html.fleexstudio.com/consult/assets/images/icons/servicepreview3.png]
[html.fleexstudio.com/consult/assets/images/alldemo/previewimg2.png]
[html.fleexstudio.com/consult/assets/images/alldemo/previewimg3.png]
[html.fleexstudio.com/consult/assets/images/alldemo/previewimg4.png]
[html.fleexstudio.com/consult/assets/images/alldemo/previewimg5.png]
[html.fleexstudio.com/consult/assets/images/alldemo/previewimg6.png]
[html.fleexstudio.com/consult/assets/images/alldemo/previewimg7.png]
[html.fleexstudio.com/consult/assets/images/alldemo/previewimg8.png]
[html.fleexstudio.com/consult/assets/images/alldemo/previewimg9.png]
[html.fleexstudio.com/consult/assets/images/alldemo/previewimg10.png]
[html.fleexstudio.com/consult/assets/images/alldemo/previewimg11.png]
[html.fleexstudio.com/consult/assets/images/alldemo/previewimg12.png]
[html.fleexstudio.com/consult/assets/images/alldemo/previewimg13.png]
[html.fleexstudio.com/consult/assets/images/alldemo/aboutinner1.png]
[html.fleexstudio.com/consult/assets/images/alldemo/inner2.png]
[html.fleexstudio.com/consult/assets/images/alldemo/inner3.png]
[html.fleexstudio.com/consult/assets/images/alldemo/inner4.png]
[html.fleexstudio.com/consult/assets/images/alldemo/inner5.png]
[html.fleexstudio.com/consult/assets/images/alldemo/inner6.png]
[html.fleexstudio.com/consult/assets/images/alldemo/inner7.png]
[html.fleexstudio.com/consult/assets/images/alldemo/inner8.png]
[html.fleexstudio.com/consult/assets/images/alldemo/inner9.png]
[html.fleexstudio.com/consult/assets/images/alldemo/inner10.png]
[html.fleexstudio.com/consult/assets/images/alldemo/inner11.png]
[html.fleexstudio.com/consult/assets/images/alldemo/inner12.png]
[html.fleexstudio.com/consult/assets/images/alldemo/inner13.png]
[html.fleexstudio.com/consult/assets/images/alldemo/inner14.png]
[html.fleexstudio.com/consult/assets/images/alldemo/inner15.png]
[html.fleexstudio.com/consult/assets/images/alldemo/inner17.png]
[html.fleexstudio.com/consult/assets/images/alldemo/inner16.png]
[html.fleexstudio.com/consult/assets/images/alldemo/inner18.png]
[html.fleexstudio.com/consult/assets/images/alldemo/inner19.png]
[html.fleexstudio.com/consult/assets/images/alldemo/inner20.png]
[html.fleexstudio.com/consult/assets/images/alldemo/tab-mobile.png]
[html.fleexstudio.com/consult/assets/images/icons/htmlicon.svg]
[html.fleexstudio.com/consult/assets/images/icons/featuresicon1.svg]
[html.fleexstudio.com/consult/assets/images/icons/featuresicon2.svg]
[html.fleexstudio.com/consult/assets/images/icons/featuresicon3.svg]
[html.fleexstudio.com/consult/assets/images/icons/featuresicon4.svg]
[html.fleexstudio.com/consult/assets/images/icons/featuresicon5.svg]
[html.fleexstudio.com/consult/assets/images/icons/featuresicon6.svg]
[html.fleexstudio.com/consult/assets/images/icons/featuresicon7.svg]
[html.fleexstudio.com/consult/assets/images/icons/featuresicon8.svg]
[html.fleexstudio.com/consult/assets/images/icons/featuresicon9.svg]
[html.fleexstudio.com/consult/assets/images/icons/featuresicon10.svg]
[html.fleexstudio.com/consult/assets/images/icons/featuresicon11.svg]
[html.fleexstudio.com/consult/index.html]
[html.fleexstudio.com/consult/assets/images/icons/gudeiance1.svg]
[html.fleexstudio.com/consult/assets/images/icons/consulting1.svg]
[html.fleexstudio.com/consult/assets/images/icons/support1.svg]
[html.fleexstudio.com/consult/assets/images/sectionimg/missionimg1.png]
[html.fleexstudio.com/consult/assets/images/sectionimg/vissionimg.png]
[html.fleexstudio.com/consult/about.html]
[html.fleexstudio.com/consult/assets/images/icons/planning1.svg]
[html.fleexstudio.com/consult/assets/images/icons/planning2.svg]
[html.fleexstudio.com/consult/assets/images/icons/plan3.svg]
[html.fleexstudio.com/consult/assets/images/icons/plan4.svg]
[html.fleexstudio.com/consult/assets/images/icons/plan5.svg]
[html.fleexstudio.com/consult/assets/images/icons/plan6.svg]
[html.fleexstudio.com/consult/assets/images/icons/plan7.svg]
[html.fleexstudio.com/consult/assets/images/icons/plan8.svg]
[html.fleexstudio.com/consult/assets/images/icons/plan9.svg]
[html.fleexstudio.com/consult/assets/images/icons/plan10.svg]
[html.fleexstudio.com/consult/assets/images/icons/plan11.svg]
[html.fleexstudio.com/consult/servicev1.html]
[html.fleexstudio.com/consult/assets/images/icons/plan12.svg]
[html.fleexstudio.com/consult/assets/images/sectionimg/servicev1img1.png]
[html.fleexstudio.com/consult/assets/images/sectionimg/servicev1img2.png]
[html.fleexstudio.com/consult/assets/images/sectionimg/servicev1img3.png]
[html.fleexstudio.com/consult/assets/images/sectionimg/servicev1img4.png]
[html.fleexstudio.com/consult/assets/images/sectionimg/servicev1img5.png]
[html.fleexstudio.com/consult/assets/images/sectionimg/servicev1img6.png]
[html.fleexstudio.com/consult/assets/images/sectionimg/servicev1img7.png]
[html.fleexstudio.com/consult/assets/images/sectionimg/servicev1img8.png]
[html.fleexstudio.com/consult/servicev2.html]
[html.fleexstudio.com/consult/assets/images/icons/doc2.svg]
[html.fleexstudio.com/consult/assets/images/icons/doc1.svg]
[html.fleexstudio.com/consult/assets/images/icons/phone9.svg]
[html.fleexstudio.com/consult/assets/images/sectionimg/servicedeailsimg1.png]
[html.fleexstudio.com/consult/assets/images/icons/stragig1.svg]
[html.fleexstudio.com/consult/serviceleft.html]
[html.fleexstudio.com/consult/serviceright.html]
[html.fleexstudio.com/consult/servicemiddle.html]
[html.fleexstudio.com/consult/assets/images/icons/approach1.svg]
[html.fleexstudio.com/consult/assets/images/sectionimg/testiinner1.png]
[html.fleexstudio.com/consult/assets/images/sectionimg/testiinner3.png]
[html.fleexstudio.com/consult/assets/images/sectionimg/testiinner5.png]
[html.fleexstudio.com/consult/assets/images/sectionimg/testiinner7.png]
[html.fleexstudio.com/consult/testimonials.html]
[html.fleexstudio.com/consult/assets/images/sectionimg/case-img5.png]
[html.fleexstudio.com/consult/assets/images/sectionimg/case-img9.png]
[html.fleexstudio.com/consult/assets/images/sectionimg/case-img6.png]
[html.fleexstudio.com/consult/assets/images/sectionimg/case-img7.png]
[html.fleexstudio.com/consult/assets/images/sectionimg/case-img8.png]
[html.fleexstudio.com/consult/casestudy1.html]
[html.fleexstudio.com/consult/assets/images/sectionimg/caseleftimg1.png]
[html.fleexstudio.com/consult/caseleft.html]
[html.fleexstudio.com/consult/caseright.html]
[html.fleexstudio.com/consult/casemiddle.html]
[html.fleexstudio.com/consult/assets/images/sectionimg/bloginner-2.png]
[html.fleexstudio.com/consult/assets/images/sectionimg/bloginner-3.png]
[html.fleexstudio.com/consult/blog2.html]
[html.fleexstudio.com/consult/assets/images/sectionimg/bloginner4.png]
[html.fleexstudio.com/consult/assets/images/sectionimg/bloginner5.png]
[html.fleexstudio.com/consult/assets/images/sectionimg/bloginner6.png]
[html.fleexstudio.com/consult/assets/images/sectionimg/bloginner7.png]
[html.fleexstudio.com/consult/assets/images/sectionimg/bloginner8.png]
[html.fleexstudio.com/consult/assets/images/sectionimg/bloginner9.png]
[html.fleexstudio.com/consult/blog3.html]
[html.fleexstudio.com/consult/assets/images/sectionimg/recent1.png]
[html.fleexstudio.com/consult/assets/images/sectionimg/recent2.png]
[html.fleexstudio.com/consult/assets/images/sectionimg/recent3.png]
[html.fleexstudio.com/consult/assets/images/sectionimg/recent4.png]
[html.fleexstudio.com/consult/assets/images/sectionimg/author1.png]
[html.fleexstudio.com/consult/assets/images/sectionimg/author2.png]
[html.fleexstudio.com/consult/assets/images/sectionimg/author3.png]
[html.fleexstudio.com/consult/assets/images/sectionimg/author4.png]
[html.fleexstudio.com/consult/assets/images/sectionimg/blogleftimg1.png]
[html.fleexstudio.com/consult/assets/images/sectionimg/alex1.png]
[html.fleexstudio.com/consult/assets/images/icons/tag1.png]
[html.fleexstudio.com/consult/assets/images/icons/cmnt1.svg]
[html.fleexstudio.com/consult/assets/images/sectionimg/blogleftimg2.png]
[html.fleexstudio.com/consult/assets/images/sectionimg/modalimg1.png]
[html.fleexstudio.com/consult/assets/images/sectionimg/replyimg1.png]
[html.fleexstudio.com/consult/assets/images/sectionimg/replyiimg2.png]
[html.fleexstudio.com/consult/blogleft.html]
[html.fleexstudio.com/consult/blogright.html]
[html.fleexstudio.com/consult/blogmiddle.html]
[html.fleexstudio.com/consult/assets/images/sectionimg/team5.png]
[html.fleexstudio.com/consult/assets/images/sectionimg/team7.png]
[html.fleexstudio.com/consult/assets/images/sectionimg/team8.png]
[html.fleexstudio.com/consult/assets/images/sectionimg/team9.png]
[html.fleexstudio.com/consult/assets/images/sectionimg/team10.png]
[html.fleexstudio.com/consult/assets/images/sectionimg/team11.png]
[html.fleexstudio.com/consult/assets/images/sectionimg/team12.png]
[html.fleexstudio.com/consult/team.html]
[html.fleexstudio.com/consult/assets/images/sectionimg/team-deatilsimg1.png]
[html.fleexstudio.com/consult/assets/images/icons/groupexport1.svg]
[html.fleexstudio.com/consult/assets/images/sectionimg/teamaccordianimg.png]
[html.fleexstudio.com/consult/team-details.html]
[html.fleexstudio.com/consult/contact2.html]
[html.fleexstudio.com/consult/assets/images/icons/phone5.svg]
[html.fleexstudio.com/consult/assets/images/icons/email4.svg]
[html.fleexstudio.com/consult/assets/images/icons/quito4.svg]
[html.fleexstudio.com/consult/assets/images/icons/clock2.svg]
[html.fleexstudio.com/consult/assets/images/icons/phone10.svg]
[html.fleexstudio.com/consult/assets/images/icons/email8.svg]
[html.fleexstudio.com/consult/assets/images/icons/location4.svg]
[html.fleexstudio.com/consult/assets/images/icons/phone7.svg]
[html.fleexstudio.com/consult/assets/css/plugins/owl.video.play.html]
[html.fleexstudio.com/consult/assets/img/image/pricing-plan-bg.html]
[html.fleexstudio.com/consult/assets/images/icons/clock1.svg]
[html.fleexstudio.com/consult/assets/images/icons/email3.svg]
[html.fleexstudio.com/consult/assets/images/icons/phoneicon.svg]
[html.fleexstudio.com/consult/assets/images/icons/arrowright.svg]
[html.fleexstudio.com/consult/assets/images/icons/vat-icon.svg]
[html.fleexstudio.com/consult/assets/images/icons/corporate-tax.svg]
[html.fleexstudio.com/consult/assets/images/icons/interantional-tax.svg]
[html.fleexstudio.com/consult/assets/images/icons/sales-icon.svg]
[html.fleexstudio.com/consult/assets/images/icons/support-tax.svg]
[html.fleexstudio.com/consult/assets/images/icons/check.svg]
[html.fleexstudio.com/consult/assets/images/icons/check-circle.svg]
[html.fleexstudio.com/consult/assets/images/icons/quito-icon.svg]
[html.fleexstudio.com/consult/assets/images/icons/location1.svg]
[html.fleexstudio.com/consult/assets/images/icons/phone1.svg]
[html.fleexstudio.com/consult/assets/images/icons/email1.svg]
[html.fleexstudio.com/consult/assets/images/icons/email2.svg]
[html.fleexstudio.com/consult/assets/images/icons/phone2.svg]
[html.fleexstudio.com/consult/assets/images/icons/icon2.svg]
[html.fleexstudio.com/consult/assets/images/icons/icon1.svg]
[html.fleexstudio.com/consult/assets/images/icons/icon3.svg]
[html.fleexstudio.com/consult/assets/images/icons/client1.svg]
[html.fleexstudio.com/consult/assets/images/icons/client2.svg]
[html.fleexstudio.com/consult/assets/images/icons/client3.svg]
[html.fleexstudio.com/consult/assets/images/icons/quito1.svg]
[html.fleexstudio.com/consult/assets/images/icons/phone4.svg]
[html.fleexstudio.com/consult/assets/images/icons/location3.svg]
[html.fleexstudio.com/consult/assets/images/icons/phone6.svg]
[html.fleexstudio.com/consult/assets/images/icons/teamconnection1.svg]
[html.fleexstudio.com/consult/assets/images/icons/seller1.svg]
[html.fleexstudio.com/consult/assets/images/icons/teamconnection2.svg]
[html.fleexstudio.com/consult/assets/images/icons/document5.svg]
[html.fleexstudio.com/consult/assets/images/icons/calculation2.svg]
[html.fleexstudio.com/consult/assets/images/icons/financial2.svg]
[html.fleexstudio.com/consult/assets/images/icons/exporticon1.svg]
[html.fleexstudio.com/consult/assets/images/icons/exporticon3.svg]
[html.fleexstudio.com/consult/assets/images/icons/quito5.svg]
[html.fleexstudio.com/consult/assets/images/icons/arrowben.svg]
[html.fleexstudio.com/consult/assets/images/icons/export4.svg]
[html.fleexstudio.com/consult/assets/images/icons/export5.svg]
[html.fleexstudio.com/consult/assets/images/icons/export6.svg]
[html.fleexstudio.com/consult/assets/images/icons/export7.svg]
[html.fleexstudio.com/consult/assets/images/icons/export8.svg]
[html.fleexstudio.com/consult/assets/images/icons/callicon.svg]
[html.fleexstudio.com/consult/assets/images/icons/group7.svg]
[html.fleexstudio.com/consult/assets/images/icons/arrowben2.svg]
[html.fleexstudio.com/consult/assets/images/icons/group8.svg]
[html.fleexstudio.com/consult/assets/images/icons/group9.svg]
[html.fleexstudio.com/consult/assets/images/icons/group10.svg]
[html.fleexstudio.com/consult/assets/images/icons/group11.svg]
[html.fleexstudio.com/consult/assets/images/icons/group12.svg]
[html.fleexstudio.com/consult/assets/images/icons/arrowgreen.svg]
[html.fleexstudio.com/consult/assets/images/icons/quito6.svg]
[html.fleexstudio.com/consult/assets/images/icons/phone14.svg]
[html.fleexstudio.com/consult/assets/images/icons/aroplanicons1.svg]
[html.fleexstudio.com/consult/assets/images/icons/aroplanicons2.svg]
[html.fleexstudio.com/consult/assets/images/icons/service-vector2.svg]
[html.fleexstudio.com/consult/assets/images/icons/service-vector1.svg]
[html.fleexstudio.com/consult/assets/images/icons/service-vector3.svg]
[html.fleexstudio.com/consult/assets/images/icons/workicon1.svg]
[html.fleexstudio.com/consult/assets/images/icons/quito7.svg]
[html.fleexstudio.com/consult/assets/images/icons/aroplanicons3.svg]
[html.fleexstudio.com/consult/assets/images/icons/servicevector3.svg]
[html.fleexstudio.com/consult/assets/images/icons/servicevector4.svg]
[html.fleexstudio.com/consult/assets/images/icons/servicevector5.svg]
[html.fleexstudio.com/consult/assets/images/icons/aroplan4.svg]
[html.fleexstudio.com/consult/assets/images/icons/quito8.svg]
[html.fleexstudio.com/consult/assets/images/icons/preview-check.svg]
[html.fleexstudio.com/consult/assets/images/icons/sevicepreview1.svg]
[html.fleexstudio.com/consult/assets/images/icons/servicepreview2.svg]
[html.fleexstudio.com/consult/assets/images/icons/htmlicon.svg]
[html.fleexstudio.com/consult/assets/images/icons/featuresicon1.svg]
[html.fleexstudio.com/consult/assets/images/icons/featuresicon2.svg]
[html.fleexstudio.com/consult/assets/images/icons/featuresicon3.svg]
[html.fleexstudio.com/consult/assets/images/icons/featuresicon4.svg]
[html.fleexstudio.com/consult/assets/images/icons/featuresicon5.svg]
[html.fleexstudio.com/consult/assets/images/icons/featuresicon6.svg]
[html.fleexstudio.com/consult/assets/images/icons/featuresicon7.svg]
[html.fleexstudio.com/consult/assets/images/icons/featuresicon8.svg]
[html.fleexstudio.com/consult/assets/images/icons/featuresicon9.svg]
[html.fleexstudio.com/consult/assets/images/icons/featuresicon10.svg]
[html.fleexstudio.com/consult/assets/images/icons/featuresicon11.svg]
[html.fleexstudio.com/consult/assets/images/icons/gudeiance1.svg]
[html.fleexstudio.com/consult/assets/images/icons/consulting1.svg]
[html.fleexstudio.com/consult/assets/images/icons/support1.svg]
[html.fleexstudio.com/consult/assets/images/icons/planning1.svg]
[html.fleexstudio.com/consult/assets/images/icons/planning2.svg]
[html.fleexstudio.com/consult/assets/images/icons/plan3.svg]
[html.fleexstudio.com/consult/assets/images/icons/plan4.svg]
[html.fleexstudio.com/consult/assets/images/icons/plan5.svg]
[html.fleexstudio.com/consult/assets/images/icons/plan6.svg]
[html.fleexstudio.com/consult/assets/images/icons/plan7.svg]
[html.fleexstudio.com/consult/assets/images/icons/plan8.svg]
[html.fleexstudio.com/consult/assets/images/icons/plan9.svg]
[html.fleexstudio.com/consult/assets/images/icons/plan10.svg]
[html.fleexstudio.com/consult/assets/images/icons/plan11.svg]
[html.fleexstudio.com/consult/assets/images/icons/plan12.svg]
[html.fleexstudio.com/consult/assets/images/icons/doc2.svg]
[html.fleexstudio.com/consult/assets/images/icons/doc1.svg]
[html.fleexstudio.com/consult/assets/images/icons/phone9.svg]
[html.fleexstudio.com/consult/assets/images/icons/stragig1.svg]
[html.fleexstudio.com/consult/assets/images/icons/approach1.svg]
[html.fleexstudio.com/consult/assets/images/icons/cmnt1.svg]
[html.fleexstudio.com/consult/assets/images/icons/groupexport1.svg]
[cdnjs.cloudflare.com/ajax/libs/font-awesome/6.4.2/css/all.min.css]
[cdnjs.cloudflare.com/ajax/libs/waypoints/4.0.1/jquery.waypoints.min.js]
[cdnjs.cloudflare.com/ajax/libs/jquery.lazyload/1.9.1/jquery.lazyload.min.js]
[cdnjs.cloudflare.com/ajax/libs/jquery.imagesloaded/5.0.0/imagesloaded.pkgd.min.js]
